// Jest Snapshot v1, https://goo.gl/fbAQLP

exports[`renders correctly 1`] = `
<View
  style={
    Object {
      "height": 1334,
    }
  }
>
  <View
    style={
      Object {
        "backgroundColor": "seagreen",
        "height": "10%",
      }
    }
  >
    <Text
      style={
        Object {
          "color": "seashell",
          "fontSize": 20,
          "textAlign": "center",
        }
      }
    >
      Today, Fri Sep 13 2019
    </Text>
  </View>
  <View
    style={
      Object {
        "alignItems": "center",
        "backgroundColor": "#F5FCFF",
        "height": "90%",
      }
    }
  >
    <Text
      style={
        Object {
          "color": "#333333",
          "textAlign": "center",
        }
      }
    >
      What have you eaten today?
    </Text>
    <View
      style={
        Object {
          "marginBottom": "5%",
        }
      }
    >
      <TextInput
        allowFontScaling={true}
        onChangeText={[Function]}
        placeholder="Name of a food"
        rejectResponderTermination={true}
        style={
          Object {
            "borderColor": "royalblue",
            "borderWidth": 2,
          }
        }
        underlineColorAndroid="transparent"
      >
        
      </TextInput>
      <View
        accessibilityLabel="Save Food"
        accessibilityRole="button"
        accessibilityStates={Array []}
        accessible={true}
        clickable={true}
        isTVSelectable={true}
        onClick={[Function]}
        onResponderGrant={[Function]}
        onResponderMove={[Function]}
        onResponderRelease={[Function]}
        onResponderTerminate={[Function]}
        onResponderTerminationRequest={[Function]}
        onStartShouldSetResponder={[Function]}
        style={
          Object {
            "opacity": 1,
          }
        }
      >
        <View
          style={
            Array [
              Object {},
            ]
          }
        >
          <Text
            style={
              Array [
                Object {
                  "color": "#007AFF",
                  "fontSize": 18,
                  "padding": 8,
                  "textAlign": "center",
                },
              ]
            }
          >
            Save Food
          </Text>
        </View>
      </View>
    </View>
    <RCTScrollView
      contentContainerStyle={
        Object {
          "alignItems": "flex-end",
        }
      }
      data={Array []}
      disableVirtualization={false}
      getItem={[Function]}
      getItemCount={[Function]}
      horizontal={false}
      initialNumToRender={10}
      keyExtractor={[Function]}
      maxToRenderPerBatch={10}
      numColumns={1}
      onContentSizeChange={[Function]}
      onEndReachedThreshold={2}
      onLayout={[Function]}
      onMomentumScrollEnd={[Function]}
      onScroll={[Function]}
      onScrollBeginDrag={[Function]}
      onScrollEndDrag={[Function]}
      removeClippedSubviews={false}
      renderItem={[Function]}
      scrollEventThrottle={50}
      stickyHeaderIndices={Array []}
      style={Object {}}
      updateCellsBatchingPeriod={50}
      viewabilityConfigCallbackPairs={Array []}
      windowSize={21}
    >
      <View />
    </RCTScrollView>
  </View>
</View>
`;
